Renesas Optimizing Linker (W3.07.00 )             16-Jul-2025 20:08:17

*** Options ***

-MAKEUD=DefaultBuild\EMB_1.4_0519.lk.ud
-subcommand=DefaultBuild\EMB_1.4_0519.clnk
-input=DefaultBuild\boot.obj
-input=DefaultBuild\cstart.obj
-input=DefaultBuild\main.obj
-input=DefaultBuild\port.obj
-input=DefaultBuild\gtm.obj
-input=DefaultBuild\r_adc.obj
-input=DefaultBuild\tmr.obj
-input=DefaultBuild\Config_CSIH0.obj
-input=DefaultBuild\mttcan_a.obj
-input=DefaultBuild\mttcan_p.obj
-input=DefaultBuild\can_command.obj
-input=DefaultBuild\standardports_p.obj
-input=DefaultBuild\CAN_SPI.obj
-input=DefaultBuild\PMIC.obj
-input=DefaultBuild\canfd.obj
-input=DefaultBuild\pi_controller.obj
-input=DefaultBuild\fad_sample_df.obj
-input=DefaultBuild\r_fad_common_api.obj
-input=DefaultBuild\r_fad_definition.obj
-input=DefaultBuild\r_fad_df_api.obj
-input=DefaultBuild\r_fad_local.obj
-input=DefaultBuild\r_fad_local_clock.obj
-input=DefaultBuild\fad_flash.obj
-input=DefaultBuild\RSENT_receive.obj
-input=DefaultBuild\global_struct.obj
-input=DefaultBuild\temperature.obj
-input=DefaultBuild\para_update.obj
-debug
-nocompress
-NOOPtimize
-output=DefaultBuild\EMB_1.4_0519.abs
-library=v850e3v5\rhf8n.lib
-library=v850e3v5\libmalloc.lib
-list=DefaultBuild\EMB_1.4_0519.map
-start=RESET,EIINTTBL/00000000,.const,.INIT_DSEC.const,.INIT_BSEC.const,.text,.data/00008000,.data.R,.bss,.stack.bss/FEDE0000
-rom=.data=.data.R
-memory=high
-nologo
-end

*** Error information ***

*** Mapping List ***

SECTION                            START      END         SIZE   ALIGN
RESET
                                  00000000  000001f7       1f8   200
EIINTTBL
                                  00000200  00000447       248   200
.const
                                  00008000  0000849f       4a0   4
.INIT_DSEC.const
                                  000084a0  000084ab         c   4
.INIT_BSEC.const
                                  000084ac  000084b3         8   4
.text
                                  000084b4  00020f4b     18a98   2
.data
                                  00020f4c  0002139f       454   4
.data.R
                                  fede0000  fede0453       454   4
.bss
                                  fede0454  fede3e4f      39fc   4
.stack.bss
                                  fede3e50  fede404f       200   4
