Renesas Optimizing Linker (W3.06.00 )             21-Feb-2025 15:46:56

*** Options ***

-subcommand=DefaultBuild\EMB_1.1.2.clnk
-input=DefaultBuild\boot.obj
-input=DefaultBuild\cstart.obj
-input=DefaultBuild\main.obj
-input=DefaultBuild\port.obj
-input=DefaultBuild\gtm.obj
-input=DefaultBuild\r_adc.obj
-input=DefaultBuild\tmr.obj
-input=DefaultBuild\Config_CSIH0.obj
-input=DefaultBuild\mttcan_a.obj
-input=DefaultBuild\mttcan_p.obj
-input=DefaultBuild\can_command.obj
-input=DefaultBuild\standardports_p.obj
-input=DefaultBuild\CAN_SPI.obj
-input=DefaultBuild\PMIC.obj
-input=DefaultBuild\canfd.obj
-input=DefaultBuild\RSENT_receive.obj
-input=DefaultBuild\pi_controller.obj
-input=DefaultBuild\fad_sample_df.obj
-input=DefaultBuild\r_fad_common_api.obj
-input=DefaultBuild\r_fad_definition.obj
-input=DefaultBuild\r_fad_df_api.obj
-input=DefaultBuild\r_fad_local.obj
-input=DefaultBuild\r_fad_local_clock.obj
-input=DefaultBuild\fad_flash.obj
-debug
-nocompress
-NOOPtimize
-output=DefaultBuild\EMB_1.1.2.abs
-library=v850e3v5\rhf8n.lib
-library=v850e3v5\libmalloc.lib
-list=DefaultBuild\EMB_1.1.2.map
-start=RESET,EIINTTBL/00000000,.const,.INIT_DSEC.const,.INIT_BSEC.const,.text,.data/00008000,.data.R,.bss,.stack.bss/FEDE0000
-rom=.data=.data.R
-memory=high
-nologo
-end

*** Error information ***

*** Mapping List ***

SECTION                            START      END         SIZE   ALIGN
RESET
                                  00000000  000001f7       1f8   200
EIINTTBL
                                  00000200  00000447       248   200
.const
                                  00008000  00008477       478   4
.INIT_DSEC.const
                                  00008478  00008483         c   4
.INIT_BSEC.const
                                  00008484  0000848b         8   4
.text
                                  0000848c  0001ce41     149b6   2
.data
                                  0001ce44  0001d21f       3dc   4
.data.R
                                  fede0000  fede03db       3dc   4
.bss
                                  fede03dc  fedf4453     14078   4
.stack.bss
                                  fedf4454  fedf4653       200   4
