Renesas Optimizing Linker (W3.07.00 )             04-Aug-2025 21:16:58

*** Options ***

-MAKEUD=DefaultBuild\EMB_YC_1.0.lk.ud
-subcommand=DefaultBuild\EMB_YC_1.0.clnk
-input=DefaultBuild\boot.obj
-input=DefaultBuild\cstart.obj
-input=DefaultBuild\main.obj
-input=DefaultBuild\port.obj
-input=DefaultBuild\gtm.obj
-input=DefaultBuild\r_adc.obj
-input=DefaultBuild\tmr.obj
-input=DefaultBuild\Config_CSIH0.obj
-input=DefaultBuild\mttcan_a.obj
-input=DefaultBuild\mttcan_p.obj
-input=DefaultBuild\can_command.obj
-input=DefaultBuild\standardports_p.obj
-input=DefaultBuild\CAN_SPI.obj
-input=DefaultBuild\PMIC.obj
-input=DefaultBuild\canfd.obj
-input=DefaultBuild\pi_controller.obj
-input=DefaultBuild\fad_sample_df.obj
-input=DefaultBuild\r_fad_common_api.obj
-input=DefaultBuild\r_fad_definition.obj
-input=DefaultBuild\r_fad_df_api.obj
-input=DefaultBuild\r_fad_local.obj
-input=DefaultBuild\r_fad_local_clock.obj
-input=DefaultBuild\fad_flash.obj
-input=DefaultBuild\RSENT_receive.obj
-input=DefaultBuild\global_struct.obj
-input=DefaultBuild\temperature.obj
-input=DefaultBuild\para_update.obj
-debug
-nocompress
-NOOPtimize
-output=DefaultBuild\EMB_YC_1.0.abs
-library=v850e3v5\rhf8n.lib
-library=v850e3v5\libmalloc.lib
-list=DefaultBuild\EMB_YC_1.0.map
-start=RESET,EIINTTBL/00000000,.const,.INIT_DSEC.const,.INIT_BSEC.const,.text,.data/00008000,.data.R,.bss,.stack.bss/FEDE0000
-rom=.data=.data.R
-memory=high
-nologo
-end

*** Error information ***

*** Mapping List ***

SECTION                            START      END         SIZE   ALIGN
RESET
                                  00000000  000001f7       1f8   200
EIINTTBL
                                  00000200  00000447       248   200
.const
                                  00008000  00008467       468   4
.INIT_DSEC.const
                                  00008468  00008473         c   4
.INIT_BSEC.const
                                  00008474  0000847b         8   4
.text
                                  0000847c  000213c3     18f48   2
.data
                                  000213c4  0002181f       45c   4
.data.R
                                  fede0000  fede045b       45c   4
.bss
                                  fede045c  fedecaff      c6a4   4
.stack.bss
                                  fedecb00  fedeccff       200   4
